
> oroboats@0.1.0 build
> next build

   Ôû▓ Next.js 15.3.2

   Creating an optimized production build ...
node.exe : Browserslist: browsers data 
(caniuse-lite) is 9 months old. Please 
run:
En línea: 1 Carácter: 1
+ & "C:\Program Files\nodejs/node.exe" 
"C:\Program Files\nodejs/node_mo ...
+ ~~~~~~~~~~~~~~~~~~~~~~~~~~~~~~~~~~~~~~~
~~~~~~~~~~~~~~~~~~~~~~~~~~~~~~
    + CategoryInfo          : NotSpecifi 
   ed: (Browserslist: b...ld. Please ru  
  n::String) [], RemoteException
    + FullyQualifiedErrorId : NativeComm 
   andError
 
  npx update-browserslist-db@latest
  Why you should do it regularly: https:/
/github.com/browserslist/update-db#readme
 Ô£ô Compiled successfully in 3.0s
   Skipping validation of types
   Skipping linting
   Collecting page data ...
­ƒîì Environment detection: {
  NODE_ENV: 'production',
  VERCEL_ENV: undefined,
  VERCEL_URL: undefined,
  isProduction: undefined,
  isDevelopment: true
}
­ƒöì Test keys check: {
  hasSecretKey: false,
  hasPublishableKey: false,
  secretKeyPrefix: undefined,
  publishableKeyPrefix: undefined,
  secretKeyLength: undefined,
  publishableKeyLength: undefined
}
ÔØî Test Stripe keys not configured
ÔØî Stripe not initialized - missing 
configuration
ÔØî This will cause payment forms to 
show blank!
Error: Database connection string is not 
defined
    at 32737 (C:\Users\Javit\Desktop\Proy
ectos\oroboats\.next\server\chunks\8507.j
s:1:244)
    at t (C:\Users\Javit\Desktop\Proyecto
s\oroboats\.next\server\webpack-runtime.j
s:1:128)
    at 71983 (C:\Users\Javit\Desktop\Proy
ectos\oroboats\.next\server\chunks\8507.j
s:1:468)
    at t (C:\Users\Javit\Desktop\Proyecto
s\oroboats\.next\server\webpack-runtime.j
s:1:128)
    at 79845 (C:\Users\Javit\Desktop\Proy
ectos\oroboats\.next\server\app\api\booki
ngs\check-conflict\route.js:1:971)
    at t (C:\Users\Javit\Desktop\Proyecto
s\oroboats\.next\server\webpack-runtime.j
s:1:128)
    at t (C:\Users\Javit\Desktop\Proyecto
s\oroboats\.next\server\app\api\bookings\
check-conflict\route.js:1:2036)
    at <unknown> (C:\Users\Javit\Desktop\
Proyectos\oroboats\.next\server\app\api\b
ookings\check-conflict\route.js:1:2078)
    at t.X (C:\Users\Javit\Desktop\Proyec
tos\oroboats\.next\server\webpack-runtime
.js:1:2135)
    at <unknown> (C:\Users\Javit\Desktop\
Proyectos\oroboats\.next\server\app\api\b
ookings\check-conflict\route.js:1:2049)
Error: Database connection string is not 
defined
    at 32737 (C:\Users\Javit\Desktop\Proy
ectos\oroboats\.next\server\chunks\7629.j
s:40:1885)
    at t (C:\Users\Javit\Desktop\Proyecto
s\oroboats\.next\server\webpack-runtime.j
s:1:128)
    at 7629 (C:\Users\Javit\Desktop\Proye
ctos\oroboats\.next\server\chunks\7629.js
:1:159)
    at t (C:\Users\Javit\Desktop\Proyecto
s\oroboats\.next\server\webpack-runtime.j
s:1:128)
    at 87965 (C:\Users\Javit\Desktop\Proy
ectos\oroboats\.next\server\app\api\booki
ngs\cancel\route.js:1:1127)
    at t (C:\Users\Javit\Desktop\Proyecto
s\oroboats\.next\server\webpack-runtime.j
s:1:128)
    at t (C:\Users\Javit\Desktop\Proyecto
s\oroboats\.next\server\app\api\bookings\
cancel\route.js:1:2120)
    at <unknown> (C:\Users\Javit\Desktop\
Proyectos\oroboats\.next\server\app\api\b
ookings\cancel\route.js:1:2162)
    at t.X (C:\Users\Javit\Desktop\Proyec
tos\oroboats\.next\server\webpack-runtime
.js:1:2135)
    at <unknown> (C:\Users\Javit\Desktop\
Proyectos\oroboats\.next\server\app\api\b
ookings\cancel\route.js:1:2133)

> Build error occurred
[Error: Failed to collect page data for 
/api/bookings/check-conflict] {
  type: 'Error'
}
